cluster roles should match snapshot:
  1: |
    apiVersion: rbac.authorization.k8s.io/v1
    kind: ClusterRole
    metadata:
      labels:
        app.kubernetes.io/component: controller
        app.kubernetes.io/instance: manager-role
        app.kubernetes.io/managed-by: Helm
        app.kubernetes.io/name: dash0-operator
        app.kubernetes.io/part-of: dash0-operator
        app.kubernetes.io/version: 0.0.0
        helm.sh/chart: dash0-operator-0.0.0
      name: dash0-operator-manager-role
    rules:
      - apiGroups:
          - apiextensions.k8s.io
        resources:
          - customresourcedefinitions
        verbs:
          - get
          - list
          - watch
      - apiGroups:
          - apps
        resources:
          - daemonsets
          - deployments
          - replicasets
          - statefulsets
        verbs:
          - get
          - list
          - patch
          - update
          - watch
      - apiGroups:
          - batch
        resources:
          - cronjobs
          - jobs
        verbs:
          - get
          - list
          - patch
          - update
          - watch
      - apiGroups:
          - discovery.k8s.io
        resources:
          - endpointslices
        verbs:
          - list
      - apiGroups:
          - events.k8s.io
        resources:
          - events
        verbs:
          - create
          - list
          - patch
          - update
      - apiGroups:
          - ""
        resources:
          - namespaces
        verbs:
          - get
      - apiGroups:
          - ""
        resources:
          - pods
        verbs:
          - delete
          - get
          - list
      - apiGroups:
          - ""
        resources:
          - secrets
        verbs:
          - get
          - list
          - watch
      - apiGroups:
          - perses.dev
        resources:
          - persesdashboards
        verbs:
          - get
          - list
          - watch
      - apiGroups:
          - monitoring.coreos.com
        resources:
          - prometheusrules
        verbs:
          - get
          - list
          - watch
      - apiGroups:
          - operator.dash0.com
        resources:
          - dash0monitorings
        verbs:
          - create
          - delete
          - deletecollection
          - get
          - list
          - patch
          - update
          - watch
      - apiGroups:
          - operator.dash0.com
        resources:
          - dash0monitorings/finalizers
        verbs:
          - update
      - apiGroups:
          - operator.dash0.com
        resources:
          - dash0monitorings/status
        verbs:
          - get
          - patch
          - update
      - apiGroups:
          - operator.dash0.com
        resources:
          - dash0operatorconfigurations
        verbs:
          - create
          - delete
          - deletecollection
          - get
          - list
          - patch
          - update
          - watch
      - apiGroups:
          - operator.dash0.com
        resources:
          - dash0operatorconfigurations/finalizers
        verbs:
          - update
      - apiGroups:
          - operator.dash0.com
        resources:
          - dash0operatorconfigurations/status
        verbs:
          - get
          - patch
          - update
      - apiGroups:
          - operator.dash0.com
        resources:
          - dash0syntheticchecks
        verbs:
          - get
          - list
          - watch
      - apiGroups:
          - operator.dash0.com
        resources:
          - dash0syntheticchecks/status
        verbs:
          - get
          - patch
          - update
      - apiGroups:
          - operator.dash0.com
        resources:
          - dash0views
        verbs:
          - get
          - list
          - watch
      - apiGroups:
          - operator.dash0.com
        resources:
          - dash0views/status
        verbs:
          - get
          - patch
          - update
      - apiGroups:
          - ""
        resources:
          - configmaps
          - serviceaccounts
          - services
        verbs:
          - create
          - delete
          - get
          - list
          - patch
          - update
          - watch
      - apiGroups:
          - rbac.authorization.k8s.io
        resources:
          - clusterroles
          - clusterrolebindings
          - roles
          - rolebindings
        verbs:
          - create
          - delete
          - get
          - list
          - patch
          - update
          - watch
      - apiGroups:
          - apps
        resources:
          - daemonsets
          - deployments
        verbs:
          - create
          - delete
          - get
          - list
          - patch
          - update
          - watch
      - apiGroups:
          - ""
        resources:
          - configmaps
          - pods
          - persistentvolumes
          - persistentvolumeclaims
          - namespaces
          - nodes
          - nodes/stats
          - endpoints
          - services
        verbs:
          - get
          - list
          - watch
      - apiGroups:
          - ""
        resources:
          - nodes/proxy
        verbs:
          - get
      - apiGroups:
          - apps
        resources:
          - replicasets
        verbs:
          - get
          - list
          - watch
      - apiGroups:
          - extensions
        resources:
          - replicasets
        verbs:
          - get
          - list
          - watch
      - apiGroups:
          - ""
        resources:
          - events
          - namespaces
          - namespaces/status
          - nodes
          - nodes/spec
          - pods
          - pods/status
          - replicationcontrollers
          - replicationcontrollers/status
          - resourcequotas
          - services
        verbs:
          - get
          - list
          - watch
      - apiGroups:
          - apps
        resources:
          - daemonsets
          - deployments
          - replicasets
          - statefulsets
        verbs:
          - get
          - list
          - watch
      - apiGroups:
          - extensions
        resources:
          - daemonsets
          - deployments
          - replicasets
        verbs:
          - get
          - list
          - watch
      - apiGroups:
          - batch
        resources:
          - jobs
          - cronjobs
        verbs:
          - get
          - list
          - watch
      - apiGroups:
          - autoscaling
        resources:
          - horizontalpodautoscalers
        verbs:
          - get
          - list
          - watch
      - apiGroups:
          - monitoring.coreos.com
        resources:
          - podmonitors
          - probes
          - prometheusrules
          - scrapeconfigs
          - servicemonitors
        verbs:
          - get
          - list
          - watch
      - apiGroups:
          - apps
        resources:
          - statefulsets
        verbs:
          - get
          - list
          - watch
      - apiGroups:
          - ""
        resources:
          - namespaces
          - nodes
          - nodes/metrics
          - services
          - pods
        verbs:
          - get
          - list
          - watch
      - apiGroups:
          - ""
        resources:
          - configmaps
        verbs:
          - get
      - apiGroups:
          - discovery.k8s.io
        resources:
          - endpointslices
        verbs:
          - get
          - list
          - watch
      - apiGroups:
          - networking.k8s.io
        resources:
          - ingresses
        verbs:
          - get
          - list
          - watch
      - nonResourceURLs:
          - /metrics
        verbs:
          - get
  2: |
    apiVersion: rbac.authorization.k8s.io/v1
    kind: ClusterRole
    metadata:
      labels:
        app.kubernetes.io/component: controller
        app.kubernetes.io/instance: metrics-role
        app.kubernetes.io/managed-by: Helm
        app.kubernetes.io/name: dash0-operator
        app.kubernetes.io/part-of: dash0-operator
        app.kubernetes.io/version: 0.0.0
        helm.sh/chart: dash0-operator-0.0.0
      name: dash0-operator-metrics-reader
    rules:
      - nonResourceURLs:
          - /metrics
        verbs:
          - get
  3: |
    apiVersion: rbac.authorization.k8s.io/v1
    kind: ClusterRole
    metadata:
      labels:
        app.kubernetes.io/component: controller
        app.kubernetes.io/instance: proxy-role
        app.kubernetes.io/managed-by: Helm
        app.kubernetes.io/name: dash0-operator
        app.kubernetes.io/part-of: dash0-operator
        app.kubernetes.io/version: 0.0.0
        helm.sh/chart: dash0-operator-0.0.0
      name: dash0-operator-proxy-role
    rules:
      - apiGroups:
          - authentication.k8s.io
        resources:
          - tokenreviews
        verbs:
          - create
      - apiGroups:
          - authorization.k8s.io
        resources:
          - subjectaccessreviews
        verbs:
          - create
