extra config map should match snapshot:
  1: |
    apiVersion: v1
    data:
      extra.yaml: |-
        initContainerResources:
          {}
        collectorDaemonSetCollectorContainerResources:
          gomemlimit: 400MiB
          limits:
            memory: 500Mi
          requests:
            memory: 500Mi
        collectorDaemonSetConfigurationReloaderContainerResources:
          gomemlimit: 18MiB
          limits:
            memory: 24Mi
          requests:
            memory: 12Mi
        collectorDaemonSetFileLogOffsetSyncContainerResources:
          gomemlimit: 24MiB
          limits:
            memory: 32Mi
          requests:
            memory: 32Mi
        daemonSetTolerations:
          []
        daemonSetNodeAffinity:
          requiredDuringSchedulingIgnoredDuringExecution:
            nodeSelectorTerms:
            - matchExpressions:
              - key: dash0.com/enable
                operator: NotIn
                values:
                - "false"
              - key: kubernetes.io/os
                operator: In
                values:
                - linux
        collectorDeploymentCollectorContainerResources:
          gomemlimit: 400MiB
          limits:
            memory: 500Mi
          requests:
            memory: 500Mi
        collectorDeploymentConfigurationReloaderContainerResources:
          gomemlimit: 18MiB
          limits:
            memory: 24Mi
          requests:
            memory: 12Mi
        deploymentTolerations:
          []
        deploymentNodeAffinity:
          requiredDuringSchedulingIgnoredDuringExecution:
            nodeSelectorTerms:
            - matchExpressions:
              - key: dash0.com/enable
                operator: NotIn
                values:
                - "false"
              - key: kubernetes.io/os
                operator: In
                values:
                - linux
        targetAllocatorMtlsEnabled: false
        targetAllocatorMtlsServerCertSecretName: ""
        targetAllocatorMtlsClientCertSecretName: ""
        targetAllocatorContainerResources:
          limits:
            cpu: 200m
            memory: 500Mi
          requests:
            cpu: 200m
            memory: 128Mi
        targetAllocatorTolerations:
          []
        targetAllocatorNodeAffinity:
          requiredDuringSchedulingIgnoredDuringExecution:
            nodeSelectorTerms:
            - matchExpressions:
              - key: dash0.com/enable
                operator: NotIn
                values:
                - "false"
              - key: kubernetes.io/os
                operator: In
                values:
                - linux
    kind: ConfigMap
    metadata:
      labels:
        app.kubernetes.io/component: controller
        app.kubernetes.io/instance: extra-config-map
        app.kubernetes.io/managed-by: Helm
        app.kubernetes.io/name: dash0-operator
        app.kubernetes.io/part-of: dash0-operator
        app.kubernetes.io/version: 0.0.0
        helm.sh/chart: dash0-operator-0.0.0
      name: dash0-operator-extra-config
      namespace: NAMESPACE
